// Jest Snapshot v1, https://goo.gl/fbAQLP

exports[`renders correctly 1`] = `
Array [
  <Text
    contentInsetAdjustmentBehavior="automatic"
    style={
      Object {
        "backgroundColor": "#080808",
        "color": "#FBF6F6",
        "fontSize": 40,
        "textAlign": "center",
      }
    }
  >
    List Of Books
  </Text>,
  <RCTSafeAreaView
    emulateUnlessSupported={true}
  >
    <RCTScrollView
      contentInsetAdjustmentBehavior="automatic"
      style={
        Object {
          "backgroundColor": "#F3F3F3",
        }
      }
    >
      <View>
        <View>
          <View>
            <View
              accessibilityRole="button"
              accessibilityStates={Array []}
              accessible={true}
              focusable={true}
              isTVSelectable={true}
              onClick={[Function]}
              onResponderGrant={[Function]}
              onResponderMove={[Function]}
              onResponderRelease={[Function]}
              onResponderTerminate={[Function]}
              onResponderTerminationRequest={[Function]}
              onStartShouldSetResponder={[Function]}
              style={
                Object {
                  "opacity": 1,
                }
              }
            >
              <View
                style={
                  Array [
                    Object {},
                  ]
                }
              >
                <Text
                  style={
                    Array [
                      Object {
                        "color": "#007AFF",
                        "fontSize": 18,
                        "padding": 8,
                        "textAlign": "center",
                      },
                    ]
                  }
                >
                  Bad At Math
                </Text>
              </View>
            </View>
            <Image
              source={
                Object {
                  "testUri": "../../../img/img1.jpg",
                }
              }
              style={
                Object {
                  "height": 570,
                  "width": 420,
                }
              }
            />
          </View>
          <View>
            <View
              accessibilityRole="button"
              accessibilityStates={Array []}
              accessible={true}
              focusable={true}
              isTVSelectable={true}
              onClick={[Function]}
              onResponderGrant={[Function]}
              onResponderMove={[Function]}
              onResponderRelease={[Function]}
              onResponderTerminate={[Function]}
              onResponderTerminationRequest={[Function]}
              onStartShouldSetResponder={[Function]}
              style={
                Object {
                  "opacity": 1,
                }
              }
            >
              <View
                style={
                  Array [
                    Object {},
                  ]
                }
              >
                <Text
                  style={
                    Array [
                      Object {
                        "color": "#007AFF",
                        "fontSize": 18,
                        "padding": 8,
                        "textAlign": "center",
                      },
                    ]
                  }
                >
                  Passion
                </Text>
              </View>
            </View>
            <Image
              source={
                Object {
                  "testUri": "../../../img/img2.jpg",
                }
              }
              style={
                Object {
                  "height": 570,
                  "width": 420,
                }
              }
            />
          </View>
          <View>
            <View
              accessibilityRole="button"
              accessibilityStates={Array []}
              accessible={true}
              focusable={true}
              isTVSelectable={true}
              onClick={[Function]}
              onResponderGrant={[Function]}
              onResponderMove={[Function]}
              onResponderRelease={[Function]}
              onResponderTerminate={[Function]}
              onResponderTerminationRequest={[Function]}
              onStartShouldSetResponder={[Function]}
              style={
                Object {
                  "opacity": 1,
                }
              }
            >
              <View
                style={
                  Array [
                    Object {},
                  ]
                }
              >
                <Text
                  style={
                    Array [
                      Object {
                        "color": "#007AFF",
                        "fontSize": 18,
                        "padding": 8,
                        "textAlign": "center",
                      },
                    ]
                  }
                >
                  Fotographias
                </Text>
              </View>
            </View>
            <Image
              source={
                Object {
                  "testUri": "../../../img/img3.jpg",
                }
              }
              style={
                Object {
                  "height": 570,
                  "width": 420,
                }
              }
            />
          </View>
          <View>
            <View
              accessibilityRole="button"
              accessibilityStates={Array []}
              accessible={true}
              focusable={true}
              isTVSelectable={true}
              onClick={[Function]}
              onResponderGrant={[Function]}
              onResponderMove={[Function]}
              onResponderRelease={[Function]}
              onResponderTerminate={[Function]}
              onResponderTerminationRequest={[Function]}
              onStartShouldSetResponder={[Function]}
              style={
                Object {
                  "opacity": 1,
                }
              }
            >
              <View
                style={
                  Array [
                    Object {},
                  ]
                }
              >
                <Text
                  style={
                    Array [
                      Object {
                        "color": "#007AFF",
                        "fontSize": 18,
                        "padding": 8,
                        "textAlign": "center",
                      },
                    ]
                  }
                >
                  Title Black Book
                </Text>
              </View>
            </View>
            <Image
              source={
                Object {
                  "testUri": "../../../img/img4.jpg",
                }
              }
              style={
                Object {
                  "height": 570,
                  "width": 420,
                }
              }
            />
          </View>
        </View>
      </View>
    </RCTScrollView>
  </RCTSafeAreaView>,
]
`;
